<html>
<body>
<pre>
<h1>µVision Build Log</h1>
<h2>Tool Versions:</h2>
IDE-Version: ¦ÌVision V5.29.0.0
Copyright (C) 2019 ARM Ltd and ARM Germany GmbH. All rights reserved.
License Information: zzz Admin, zzz, LIC=GE7DL-06LBD-9ZTWW-QGTIQ-7CGLD-HGJKJ
 
Tool Versions:
Toolchain:       MDK-ARM Professional  Version: 5.29.0.0
Toolchain Path:  E:\Keil_V5\ARM\ARMCC\Bin
C Compiler:      Armcc.exe V5.06 update 6 (build 750)
Assembler:       Armasm.exe V5.06 update 6 (build 750)
Linker/Locator:  ArmLink.exe V5.06 update 6 (build 750)
Library Manager: ArmAr.exe V5.06 update 6 (build 750)
Hex Converter:   FromElf.exe V5.06 update 6 (build 750)
CPU DLL:         SARMCM3.DLL V5.29.0.0
Dialog DLL:      DCM.DLL V1.17.3.0
Target DLL:      Segger\JL2CM3.dll V2.99.36.0
Dialog DLL:      TCM.DLL V1.36.5.0
 
<h2>Project:</h2>
E:\04_BLDC\BLDC_driver\BLDC_driver\MDK-ARM\BLDC_driver.uvprojx
Project File Date:  09/19/2022

<h2>Output:</h2>
*** Using Compiler 'V5.06 update 6 (build 750)', folder: 'E:\Keil_V5\ARM\ARMCC\Bin'
Rebuild target 'BLDC_driver'
assembling startup_stm32f405xx.s...
compiling gpio.c...
compiling stm32f4xx_it.c...
compiling main.c...
compiling usart.c...
compiling tim.c...
compiling stm32f4xx_hal_msp.c...
compiling key.c...
compiling BLDC.c...
..\User\BLDC\BLDC.c(14): warning:  #550-D: variable "hallA"  was set but never used
  	static uint8_t hallA = 0;
..\User\BLDC\BLDC.c(21): warning:  #550-D: variable "hallB"  was set but never used
  	static uint8_t hallB = 0;
..\User\BLDC\BLDC.c(28): warning:  #550-D: variable "hallC"  was set but never used
  	static uint8_t hallC = 0;
..\User\BLDC\BLDC.c: 3 warnings, 0 errors
compiling stm32f4xx_hal_tim_ex.c...
compiling stm32f4xx_hal_tim.c...
compiling stm32f4xx_hal_flash_ex.c...
compiling stm32f4xx_hal_flash_ramfunc.c...
compiling stm32f4xx_hal_flash.c...
compiling stm32f4xx_hal_rcc_ex.c...
compiling stm32f4xx_hal_rcc.c...
compiling stm32f4xx_hal_dma.c...
compiling stm32f4xx_hal_pwr.c...
compiling stm32f4xx_hal_dma_ex.c...
compiling stm32f4xx_hal_pwr_ex.c...
compiling stm32f4xx_hal_gpio.c...
compiling stm32f4xx_hal.c...
compiling stm32f4xx_hal_exti.c...
compiling system_stm32f4xx.c...
compiling stm32f4xx_hal_cortex.c...
compiling stm32f4xx_hal_uart.c...
compiling MotorControl_data.c...
compiling HallExtiTask.c...
compiling SystickTask.c...
compiling MotorControl.c...
linking...
Program Size: Code=9276 RO-data=544 RW-data=60 ZI-data=1180  
FromELF: creating hex file...
".\BLDC_driver\BLDC_driver.axf" - 0 Error(s), 3 Warning(s).

<h2>Software Packages used:</h2>

Package Vendor: ARM
                http://www.keil.com/pack/ARM.CMSIS.5.6.0.pack
                ARM.CMSIS.5.6.0
                CMSIS (Cortex Microcontroller Software Interface Standard)
   * Component: CORE Version: 5.3.0

Package Vendor: Keil
                http://www.keil.com/pack/Keil.STM32F4xx_DFP.2.13.0.pack
                Keil.STM32F4xx_DFP.2.13.0
                STMicroelectronics STM32F4 Series Device Support, Drivers and Examples

<h2>Collection of Component include folders:</h2>
  .\RTE\_BLDC_driver
  C:\Users\Administrator\AppData\Local\Arm\Packs\ARM\CMSIS\5.6.0\CMSIS\Core\Include
  C:\Users\Administrator\AppData\Local\Arm\Packs\Keil\STM32F4xx_DFP\2.13.0\Drivers\CMSIS\Device\ST\STM32F4xx\Include

<h2>Collection of Component Files used:</h2>

   * Component: ARM::CMSIS:CORE:5.3.0
Build Time Elapsed:  00:00:23
</pre>
</body>
</html>
